== SMOKE TEST — country='india', sample_s1=2,000 ==
[1/5] loading ground truth ...
[2/5] sampling S1 ...
   sampled 2,000 S1 rows (of 833,837 in gt for india)
   wrote sampled ids -> blocking/results/smoke_test_india_2000_sampled_ids.txt
[3/5] loading S1/S2/S3 (S2/S3 capped at 60,000/60,000) ...
   loaded s1=2,000  s2=60,000  s3=60,000   in 21.6s
[4/5] running stages ...
   P1 done  (0.19s)  s1 with any P1 hit = 1,766
   indexes built (3.33s)
   P2 done  (4.88s)  s1 with any P2 hit = 2,000
   P3 done  (1.94s)  s1 with any P3 hit = 2,000
[5/5] recall + K sweep ...
   recall P1                : 3,046/7,497 = 40.63%
   recall P1+P2             : 5,626/7,497 = 75.04%
   recall P1+P2+P3 (union)  : 7,367/7,497 = 98.27%

   truth pairs in scope   : 7,497

   -- final top-K sweep (per-K rescore + trim) --
      K    recall   cross-script   cands/S1 mean     p95     max
     50    94.30%         76.39%           50.00      50      50    (7.7s)
    100    95.37%         81.42%          100.00     100     100    (6.0s)
    150    98.19%         93.42%          150.00     150     150    (7.4s)

   peak RSS               : 4372.2 MiB
   wrote long file        : blocking/results/smoke_test_india_2000_candidate_pairs.long.tsv
EXIT=0
